// Jest Snapshot v1, https://goo.gl/fbAQLP

exports[`renders correctly 1`] = `
<View>
  <View
    containerStyle={
      Object {
        "marginHorizontal": 0,
        "marginVertical": 3,
      }
    }
    style={
      Array [
        Object {
          "backgroundColor": "#f2f2f2",
          "elevation": 1,
          "flex": 1,
          "flexWrap": "nowrap",
          "shadowColor": "#000",
          "shadowOffset": Object {
            "height": 2,
            "width": 0,
          },
          "shadowOpacity": 0.1,
          "shadowRadius": 1.5,
        },
        Object {
          "marginHorizontal": 0,
          "marginVertical": 3,
        },
      ]
    }
  >
    <View
      style={
        Object {
          "alignItems": "center",
          "flexDirection": "row",
          "paddingHorizontal": 15,
          "paddingTop": 10,
        }
      }
    >
      <Text
        accessible={true}
        allowFontScaling={true}
        ellipsizeMode="tail"
        style={
          Object {
            "backgroundColor": "transparent",
            "color": "rgba(0,0,0,0.54)",
            "fontFamily": "System",
            "fontSize": 12,
            "fontWeight": "400",
            "letterSpacing": 0,
            "lineHeight": 16,
          }
        }
      >
        @
        Eva
      </Text>
    </View>
    <View
      style={
        Object {
          "paddingHorizontal": 15,
          "paddingVertical": 3,
        }
      }
    >
      <Text
        accessible={true}
        allowFontScaling={true}
        ellipsizeMode="tail"
        style={
          Object {
            "backgroundColor": "transparent",
            "color": "rgba(0,0,0,0.87)",
            "fontFamily": "System",
            "fontSize": 14,
            "fontWeight": "600",
            "letterSpacing": -0.154,
            "lineHeight": 24,
          }
        }
      >
        id ad nulla mollit incididunt exercitation ipsum quis ullamco nostrud
      </Text>
    </View>
    <View
      style={
        Object {
          "flexDirection": "row",
          "paddingTop": 5,
        }
      }
    >
      <View
        style={
          Array [
            Object {
              "alignItems": "center",
              "borderRadius": 6,
              "borderWidth": 0,
              "flex": 1,
              "justifyContent": "center",
            },
            undefined,
          ]
        }
      >
        <View
          accessibilityComponentType={undefined}
          accessibilityLabel={undefined}
          accessibilityTraits={undefined}
          accessible={true}
          hasTVPreferredFocus={undefined}
          hitSlop={undefined}
          isTVSelectable={true}
          nativeID={undefined}
          onLayout={undefined}
          onResponderGrant={[Function]}
          onResponderMove={[Function]}
          onResponderRelease={[Function]}
          onResponderTerminate={[Function]}
          onResponderTerminationRequest={[Function]}
          onStartShouldSetResponder={[Function]}
          style={
            Array [
              Object {
                "backgroundColor": "transparent",
              },
              undefined,
            ]
          }
          testID={undefined}
          tvParallaxProperties={undefined}
        >
          <View
            onPress={[Function]}
            rippleColor="#0099cc"
            style={
              Array [
                Object {
                  "alignItems": "center",
                  "alignSelf": "stretch",
                  "borderColor": "#bdbdbd",
                  "borderRadius": 6,
                  "flex": 1,
                  "justifyContent": "center",
                  "paddingHorizontal": 3,
                  "paddingVertical": 8,
                },
                undefined,
              ]
            }
            textStyle={
              Object {
                "color": "#0099cc",
              }
            }
          >
            <Text
              accessible={true}
              allowFontScaling={true}
              ellipsizeMode="tail"
              style={
                Array [
                  Object {
                    "backgroundColor": "transparent",
                    "color": "rgba(0,0,0,0.87)",
                    "fontFamily": "System",
                    "fontSize": 14,
                    "fontWeight": "600",
                    "letterSpacing": -0.154,
                    "lineHeight": 20,
                  },
                  Object {
                    "color": "#0099cc",
                  },
                ]
              }
            >
              UPVOTE
            </Text>
          </View>
        </View>
      </View>
      <Text
        accessible={true}
        allowFontScaling={true}
        ellipsizeMode="tail"
        style={
          Object {
            "paddingHorizontal": 3,
            "paddingVertical": 8,
          }
        }
      >
        33
         votes
      </Text>
      <View
        style={
          Array [
            Object {
              "alignItems": "center",
              "borderRadius": 6,
              "borderWidth": 0,
              "flex": 1,
              "justifyContent": "center",
            },
            undefined,
          ]
        }
      >
        <View
          accessibilityComponentType={undefined}
          accessibilityLabel={undefined}
          accessibilityTraits={undefined}
          accessible={true}
          hasTVPreferredFocus={undefined}
          hitSlop={undefined}
          isTVSelectable={true}
          nativeID={undefined}
          onLayout={undefined}
          onResponderGrant={[Function]}
          onResponderMove={[Function]}
          onResponderRelease={[Function]}
          onResponderTerminate={[Function]}
          onResponderTerminationRequest={[Function]}
          onStartShouldSetResponder={[Function]}
          style={
            Array [
              Object {
                "backgroundColor": "transparent",
              },
              undefined,
            ]
          }
          testID={undefined}
          tvParallaxProperties={undefined}
        >
          <View
            onPress={[Function]}
            rippleColor="#ff4444"
            style={
              Array [
                Object {
                  "alignItems": "center",
                  "alignSelf": "stretch",
                  "borderColor": "#bdbdbd",
                  "borderRadius": 6,
                  "flex": 1,
                  "justifyContent": "center",
                  "paddingHorizontal": 3,
                  "paddingVertical": 8,
                },
                undefined,
              ]
            }
            textStyle={
              Object {
                "color": "#ff4444",
              }
            }
          >
            <Text
              accessible={true}
              allowFontScaling={true}
              ellipsizeMode="tail"
              style={
                Array [
                  Object {
                    "backgroundColor": "transparent",
                    "color": "rgba(0,0,0,0.87)",
                    "fontFamily": "System",
                    "fontSize": 14,
                    "fontWeight": "600",
                    "letterSpacing": -0.154,
                    "lineHeight": 20,
                  },
                  Object {
                    "color": "#ff4444",
                  },
                ]
              }
            >
              DOWNVOTE
            </Text>
          </View>
        </View>
      </View>
    </View>
  </View>
</View>
`;
