// Jest Snapshot v1, https://goo.gl/fbAQLP

exports[`renders correctly 1`] = `
<View
  style={
    Array [
      Object {
        "backgroundColor": "#f2f2f2",
        "elevation": 1,
        "flex": 1,
        "flexWrap": "nowrap",
        "shadowColor": "#000",
        "shadowOffset": Object {
          "height": 2,
          "width": 0,
        },
        "shadowOpacity": 0.1,
        "shadowRadius": 1.5,
      },
      undefined,
    ]
  }
/>
`;
